// Jest Snapshot v1, https://goo.gl/fbAQLP

exports[`Index page Matches snapshot 1`] = `
Array [
  <main
    className="container"
  >
    <section
      className="section"
    >
      <header
        className="header"
      >
        <h1>
          Runes
        </h1>
        <p>
          Translate text to runic script
        </p>
      </header>
      <textarea
        onChange={[Function]}
        value=""
      />
      <p>
        Younger Futhark
      </p>
      <p>
        
      </p>
      <p>
        Elder Futhark
      </p>
      <p>
        
      </p>
    </section>
  </main>,
  <footer
    className="section"
  >
    <div
      className="container"
    >
      <p>
        Copyright © 
        2021
      </p>
    </div>
  </footer>,
]
`;
