// Jest Snapshot v1, https://goo.gl/fbAQLP

exports[`Runes component Matches snapshot 1`] = `
<section
  className="section"
>
  <header
    className="header"
  >
    <h1>
      Runes
    </h1>
    <p>
      Translate text to runic script
    </p>
  </header>
  <label
    htmlFor="transcribe"
  >
    Text to transcribe
  </label>
  <textarea
    id="transcribe"
    onChange={[Function]}
    value=""
  />
  <p>
    Younger Futhark
  </p>
  <p
    className="runic"
  >
    
  </p>
  <p>
    Elder Futhark
  </p>
  <p
    className="runic"
  >
    
  </p>
  <p>
    Futhorc
  </p>
  <p
    className="runic"
  >
    
  </p>
</section>
`;
